// Jest Snapshot v1, https://goo.gl/fbAQLP

exports[`renders correctly 1`] = `
<div
  className="tp-store teepublic"
>
  <div
    className="tp-store__collection-wrap"
  />
</div>
`;
